node.exe :  ΓÜá Invalid next.config.mjs options detected: 
At line:1 char:1
+ & "C:\Program Files\nodejs/node.exe" "C:\Program Files\nodejs/node_mo ...
+ ~~~~~~~~~~~~~~~~~~~~~~~~~~~~~~~~~~~~~~~~~~~~~~~~~~~~~~~~~~~~~~~~~~~~~
    + CategoryInfo          : NotSpecified: ( ΓÜá Invalid ne...ions detected: :String) [], RemoteException
    + FullyQualifiedErrorId : NativeCommandError
 
 ΓÜá     Unrecognized key(s) in object: 'optimizeFonts'
 ΓÜá See more info here: https://nextjs.org/docs/messages/invalid-next-config
   Γû▓ Next.js 15.5.12

   Creating an optimized production build ...
Failed to compile.

./app/admin/page.tsx
Module not found: Can't resolve '@/lib/supabase/client'

https://nextjs.org/docs/messages/module-not-found

./app/admin/page.tsx
Module not found: Can't resolve 'lucide-react'

https://nextjs.org/docs/messages/module-not-found

./app/affiliate/page.tsx
Module not found: Can't resolve 'lucide-react'

https://nextjs.org/docs/messages/module-not-found

./app/auth/login/page.tsx
Module not found: Can't resolve '@/lib/supabase/client'

https://nextjs.org/docs/messages/module-not-found

./app/auth/login/page.tsx
Module not found: Can't resolve '@/components/ui/button'

https://nextjs.org/docs/messages/module-not-found


> Build failed because of webpack errors
